------------------------------------------------------------
TimeQuest Timing Analyzer Summary
------------------------------------------------------------

Type  : Slow 1200mV 85C Model Setup 'u6|sdram_pll_altpll_component|pll1|clk[0]'
Slack : 1.450
TNS   : 0.000

Type  : Slow 1200mV 85C Model Setup 'D5M_PIXLCLK'
Slack : 1.516
TNS   : 0.000

Type  : Slow 1200mV 85C Model Setup 'u6|sdram_pll_altpll_component|pll1|clk[3]'
Slack : 8.191
TNS   : 0.000

Type  : Slow 1200mV 85C Model Setup 'CLOCK2_50'
Slack : 14.240
TNS   : 0.000

Type  : Slow 1200mV 85C Model Setup 'my_qsys|altpll_0|sd1|pll7|clk[0]'
Slack : 15.903
TNS   : 0.000

Type  : Slow 1200mV 85C Model Hold 'D5M_PIXLCLK'
Slack : 0.262
TNS   : 0.000

Type  : Slow 1200mV 85C Model Hold 'u6|sdram_pll_altpll_component|pll1|clk[0]'
Slack : 0.342
TNS   : 0.000

Type  : Slow 1200mV 85C Model Hold 'CLOCK2_50'
Slack : 0.402
TNS   : 0.000

Type  : Slow 1200mV 85C Model Hold 'my_qsys|altpll_0|sd1|pll7|clk[0]'
Slack : 0.402
TNS   : 0.000

Type  : Slow 1200mV 85C Model Hold 'u6|sdram_pll_altpll_component|pll1|clk[3]'
Slack : 0.403
TNS   : 0.000

Type  : Slow 1200mV 85C Model Recovery 'D5M_PIXLCLK'
Slack : 1.102
TNS   : 0.000

Type  : Slow 1200mV 85C Model Recovery 'u6|sdram_pll_altpll_component|pll1|clk[0]'
Slack : 3.147
TNS   : 0.000

Type  : Slow 1200mV 85C Model Recovery 'CLOCK2_50'
Slack : 12.982
TNS   : 0.000

Type  : Slow 1200mV 85C Model Recovery 'u6|sdram_pll_altpll_component|pll1|clk[3]'
Slack : 13.161
TNS   : 0.000

Type  : Slow 1200mV 85C Model Recovery 'my_qsys|altpll_0|sd1|pll7|clk[0]'
Slack : 35.881
TNS   : 0.000

Type  : Slow 1200mV 85C Model Removal 'D5M_PIXLCLK'
Slack : 2.307
TNS   : 0.000

Type  : Slow 1200mV 85C Model Removal 'CLOCK2_50'
Slack : 2.563
TNS   : 0.000

Type  : Slow 1200mV 85C Model Removal 'my_qsys|altpll_0|sd1|pll7|clk[0]'
Slack : 2.706
TNS   : 0.000

Type  : Slow 1200mV 85C Model Removal 'u6|sdram_pll_altpll_component|pll1|clk[0]'
Slack : 5.056
TNS   : 0.000

Type  : Slow 1200mV 85C Model Removal 'u6|sdram_pll_altpll_component|pll1|clk[3]'
Slack : 5.056
TNS   : 0.000

Type  : Slow 1200mV 85C Model Minimum Pulse Width 'D5M_PIXLCLK'
Slack : 4.535
TNS   : 0.000

Type  : Slow 1200mV 85C Model Minimum Pulse Width 'u6|sdram_pll_altpll_component|pll1|clk[0]'
Slack : 4.694
TNS   : 0.000

Type  : Slow 1200mV 85C Model Minimum Pulse Width 'CLOCK2_50'
Slack : 9.686
TNS   : 0.000

Type  : Slow 1200mV 85C Model Minimum Pulse Width 'CLOCK_50'
Slack : 9.819
TNS   : 0.000

Type  : Slow 1200mV 85C Model Minimum Pulse Width 'CLOCK3_50'
Slack : 16.000
TNS   : 0.000

Type  : Slow 1200mV 85C Model Minimum Pulse Width 'u6|sdram_pll_altpll_component|pll1|clk[3]'
Slack : 19.699
TNS   : 0.000

Type  : Slow 1200mV 85C Model Minimum Pulse Width 'my_qsys|altpll_0|sd1|pll7|clk[0]'
Slack : 19.706
TNS   : 0.000

Type  : Slow 1200mV 0C Model Setup 'D5M_PIXLCLK'
Slack : 1.984
TNS   : 0.000

Type  : Slow 1200mV 0C Model Setup 'u6|sdram_pll_altpll_component|pll1|clk[0]'
Slack : 2.287
TNS   : 0.000

Type  : Slow 1200mV 0C Model Setup 'u6|sdram_pll_altpll_component|pll1|clk[3]'
Slack : 9.179
TNS   : 0.000

Type  : Slow 1200mV 0C Model Setup 'CLOCK2_50'
Slack : 14.751
TNS   : 0.000

Type  : Slow 1200mV 0C Model Setup 'my_qsys|altpll_0|sd1|pll7|clk[0]'
Slack : 16.250
TNS   : 0.000

Type  : Slow 1200mV 0C Model Hold 'D5M_PIXLCLK'
Slack : 0.284
TNS   : 0.000

Type  : Slow 1200mV 0C Model Hold 'u6|sdram_pll_altpll_component|pll1|clk[0]'
Slack : 0.341
TNS   : 0.000

Type  : Slow 1200mV 0C Model Hold 'CLOCK2_50'
Slack : 0.353
TNS   : 0.000

Type  : Slow 1200mV 0C Model Hold 'my_qsys|altpll_0|sd1|pll7|clk[0]'
Slack : 0.354
TNS   : 0.000

Type  : Slow 1200mV 0C Model Hold 'u6|sdram_pll_altpll_component|pll1|clk[3]'
Slack : 0.355
TNS   : 0.000

Type  : Slow 1200mV 0C Model Recovery 'D5M_PIXLCLK'
Slack : 1.537
TNS   : 0.000

Type  : Slow 1200mV 0C Model Recovery 'u6|sdram_pll_altpll_component|pll1|clk[0]'
Slack : 3.928
TNS   : 0.000

Type  : Slow 1200mV 0C Model Recovery 'CLOCK2_50'
Slack : 13.647
TNS   : 0.000

Type  : Slow 1200mV 0C Model Recovery 'u6|sdram_pll_altpll_component|pll1|clk[3]'
Slack : 13.939
TNS   : 0.000

Type  : Slow 1200mV 0C Model Recovery 'my_qsys|altpll_0|sd1|pll7|clk[0]'
Slack : 36.277
TNS   : 0.000

Type  : Slow 1200mV 0C Model Removal 'D5M_PIXLCLK'
Slack : 1.967
TNS   : 0.000

Type  : Slow 1200mV 0C Model Removal 'CLOCK2_50'
Slack : 2.350
TNS   : 0.000

Type  : Slow 1200mV 0C Model Removal 'my_qsys|altpll_0|sd1|pll7|clk[0]'
Slack : 2.395
TNS   : 0.000

Type  : Slow 1200mV 0C Model Removal 'u6|sdram_pll_altpll_component|pll1|clk[3]'
Slack : 4.442
TNS   : 0.000

Type  : Slow 1200mV 0C Model Removal 'u6|sdram_pll_altpll_component|pll1|clk[0]'
Slack : 4.443
TNS   : 0.000

Type  : Slow 1200mV 0C Model Minimum Pulse Width 'D5M_PIXLCLK'
Slack : 4.608
TNS   : 0.000

Type  : Slow 1200mV 0C Model Minimum Pulse Width 'u6|sdram_pll_altpll_component|pll1|clk[0]'
Slack : 4.685
TNS   : 0.000

Type  : Slow 1200mV 0C Model Minimum Pulse Width 'CLOCK2_50'
Slack : 9.654
TNS   : 0.000

Type  : Slow 1200mV 0C Model Minimum Pulse Width 'CLOCK_50'
Slack : 9.799
TNS   : 0.000

Type  : Slow 1200mV 0C Model Minimum Pulse Width 'CLOCK3_50'
Slack : 16.000
TNS   : 0.000

Type  : Slow 1200mV 0C Model Minimum Pulse Width 'my_qsys|altpll_0|sd1|pll7|clk[0]'
Slack : 19.688
TNS   : 0.000

Type  : Slow 1200mV 0C Model Minimum Pulse Width 'u6|sdram_pll_altpll_component|pll1|clk[3]'
Slack : 19.688
TNS   : 0.000

Type  : Fast 1200mV 0C Model Setup 'D5M_PIXLCLK'
Slack : 2.658
TNS   : 0.000

Type  : Fast 1200mV 0C Model Setup 'u6|sdram_pll_altpll_component|pll1|clk[0]'
Slack : 5.377
TNS   : 0.000

Type  : Fast 1200mV 0C Model Setup 'u6|sdram_pll_altpll_component|pll1|clk[3]'
Slack : 14.085
TNS   : 0.000

Type  : Fast 1200mV 0C Model Setup 'CLOCK2_50'
Slack : 17.221
TNS   : 0.000

Type  : Fast 1200mV 0C Model Setup 'my_qsys|altpll_0|sd1|pll7|clk[0]'
Slack : 17.720
TNS   : 0.000

Type  : Fast 1200mV 0C Model Hold 'D5M_PIXLCLK'
Slack : 0.070
TNS   : 0.000

Type  : Fast 1200mV 0C Model Hold 'u6|sdram_pll_altpll_component|pll1|clk[0]'
Slack : 0.137
TNS   : 0.000

Type  : Fast 1200mV 0C Model Hold 'u6|sdram_pll_altpll_component|pll1|clk[3]'
Slack : 0.179
TNS   : 0.000

Type  : Fast 1200mV 0C Model Hold 'CLOCK2_50'
Slack : 0.181
TNS   : 0.000

Type  : Fast 1200mV 0C Model Hold 'my_qsys|altpll_0|sd1|pll7|clk[0]'
Slack : 0.182
TNS   : 0.000

Type  : Fast 1200mV 0C Model Recovery 'D5M_PIXLCLK'
Slack : 3.298
TNS   : 0.000

Type  : Fast 1200mV 0C Model Recovery 'u6|sdram_pll_altpll_component|pll1|clk[0]'
Slack : 6.290
TNS   : 0.000

Type  : Fast 1200mV 0C Model Recovery 'CLOCK2_50'
Slack : 16.285
TNS   : 0.000

Type  : Fast 1200mV 0C Model Recovery 'u6|sdram_pll_altpll_component|pll1|clk[3]'
Slack : 16.299
TNS   : 0.000

Type  : Fast 1200mV 0C Model Recovery 'my_qsys|altpll_0|sd1|pll7|clk[0]'
Slack : 37.794
TNS   : 0.000

Type  : Fast 1200mV 0C Model Removal 'CLOCK2_50'
Slack : 1.224
TNS   : 0.000

Type  : Fast 1200mV 0C Model Removal 'D5M_PIXLCLK'
Slack : 1.336
TNS   : 0.000

Type  : Fast 1200mV 0C Model Removal 'my_qsys|altpll_0|sd1|pll7|clk[0]'
Slack : 1.432
TNS   : 0.000

Type  : Fast 1200mV 0C Model Removal 'u6|sdram_pll_altpll_component|pll1|clk[0]'
Slack : 2.707
TNS   : 0.000

Type  : Fast 1200mV 0C Model Removal 'u6|sdram_pll_altpll_component|pll1|clk[3]'
Slack : 2.707
TNS   : 0.000

Type  : Fast 1200mV 0C Model Minimum Pulse Width 'D5M_PIXLCLK'
Slack : 4.077
TNS   : 0.000

Type  : Fast 1200mV 0C Model Minimum Pulse Width 'u6|sdram_pll_altpll_component|pll1|clk[0]'
Slack : 4.758
TNS   : 0.000

Type  : Fast 1200mV 0C Model Minimum Pulse Width 'CLOCK2_50'
Slack : 9.271
TNS   : 0.000

Type  : Fast 1200mV 0C Model Minimum Pulse Width 'CLOCK_50'
Slack : 9.400
TNS   : 0.000

Type  : Fast 1200mV 0C Model Minimum Pulse Width 'CLOCK3_50'
Slack : 16.000
TNS   : 0.000

Type  : Fast 1200mV 0C Model Minimum Pulse Width 'u6|sdram_pll_altpll_component|pll1|clk[3]'
Slack : 19.760
TNS   : 0.000

Type  : Fast 1200mV 0C Model Minimum Pulse Width 'my_qsys|altpll_0|sd1|pll7|clk[0]'
Slack : 19.779
TNS   : 0.000

------------------------------------------------------------
