------------------------------------------------------------
TimeQuest Timing Analyzer Summary
------------------------------------------------------------

Type  : Slow 1200mV 85C Model Setup 'u6|sdram_pll_altpll_component|pll1|clk[0]'
Slack : 1.186
TNS   : 0.000

Type  : Slow 1200mV 85C Model Setup 'u6|sdram_pll_altpll_component|pll1|clk[3]'
Slack : 9.354
TNS   : 0.000

Type  : Slow 1200mV 85C Model Setup 'CLOCK2_50'
Slack : 14.582
TNS   : 0.000

Type  : Slow 1200mV 85C Model Setup 'D5M_PIXLCLK'
Slack : 15.190
TNS   : 0.000

Type  : Slow 1200mV 85C Model Setup 'my_qsys|altpll_0|sd1|pll7|clk[0]'
Slack : 16.403
TNS   : 0.000

Type  : Slow 1200mV 85C Model Hold 'D5M_PIXLCLK'
Slack : 0.196
TNS   : 0.000

Type  : Slow 1200mV 85C Model Hold 'u6|sdram_pll_altpll_component|pll1|clk[0]'
Slack : 0.360
TNS   : 0.000

Type  : Slow 1200mV 85C Model Hold 'u6|sdram_pll_altpll_component|pll1|clk[3]'
Slack : 0.385
TNS   : 0.000

Type  : Slow 1200mV 85C Model Hold 'CLOCK2_50'
Slack : 0.402
TNS   : 0.000

Type  : Slow 1200mV 85C Model Hold 'my_qsys|altpll_0|sd1|pll7|clk[0]'
Slack : 0.402
TNS   : 0.000

Type  : Slow 1200mV 85C Model Recovery 'u6|sdram_pll_altpll_component|pll1|clk[0]'
Slack : 3.146
TNS   : 0.000

Type  : Slow 1200mV 85C Model Recovery 'u6|sdram_pll_altpll_component|pll1|clk[3]'
Slack : 13.137
TNS   : 0.000

Type  : Slow 1200mV 85C Model Recovery 'CLOCK2_50'
Slack : 13.720
TNS   : 0.000

Type  : Slow 1200mV 85C Model Recovery 'D5M_PIXLCLK'
Slack : 13.842
TNS   : 0.000

Type  : Slow 1200mV 85C Model Recovery 'my_qsys|altpll_0|sd1|pll7|clk[0]'
Slack : 34.999
TNS   : 0.000

Type  : Slow 1200mV 85C Model Removal 'CLOCK2_50'
Slack : 2.067
TNS   : 0.000

Type  : Slow 1200mV 85C Model Removal 'D5M_PIXLCLK'
Slack : 2.322
TNS   : 0.000

Type  : Slow 1200mV 85C Model Removal 'my_qsys|altpll_0|sd1|pll7|clk[0]'
Slack : 4.306
TNS   : 0.000

Type  : Slow 1200mV 85C Model Removal 'u6|sdram_pll_altpll_component|pll1|clk[3]'
Slack : 5.022
TNS   : 0.000

Type  : Slow 1200mV 85C Model Removal 'u6|sdram_pll_altpll_component|pll1|clk[0]'
Slack : 5.045
TNS   : 0.000

Type  : Slow 1200mV 85C Model Minimum Pulse Width 'u6|sdram_pll_altpll_component|pll1|clk[0]'
Slack : 4.687
TNS   : 0.000

Type  : Slow 1200mV 85C Model Minimum Pulse Width 'CLOCK2_50'
Slack : 9.640
TNS   : 0.000

Type  : Slow 1200mV 85C Model Minimum Pulse Width 'CLOCK_50'
Slack : 9.819
TNS   : 0.000

Type  : Slow 1200mV 85C Model Minimum Pulse Width 'CLOCK3_50'
Slack : 16.000
TNS   : 0.000

Type  : Slow 1200mV 85C Model Minimum Pulse Width 'u6|sdram_pll_altpll_component|pll1|clk[3]'
Slack : 19.695
TNS   : 0.000

Type  : Slow 1200mV 85C Model Minimum Pulse Width 'my_qsys|altpll_0|sd1|pll7|clk[0]'
Slack : 19.707
TNS   : 0.000

Type  : Slow 1200mV 85C Model Minimum Pulse Width 'D5M_PIXLCLK'
Slack : 499.528
TNS   : 0.000

Type  : Slow 1200mV 85C Model Minimum Pulse Width 'clk_vga'
Slack : 9995.790
TNS   : 0.000

Type  : Slow 1200mV 0C Model Setup 'u6|sdram_pll_altpll_component|pll1|clk[0]'
Slack : 2.109
TNS   : 0.000

Type  : Slow 1200mV 0C Model Setup 'u6|sdram_pll_altpll_component|pll1|clk[3]'
Slack : 10.198
TNS   : 0.000

Type  : Slow 1200mV 0C Model Setup 'CLOCK2_50'
Slack : 15.111
TNS   : 0.000

Type  : Slow 1200mV 0C Model Setup 'D5M_PIXLCLK'
Slack : 15.622
TNS   : 0.000

Type  : Slow 1200mV 0C Model Setup 'my_qsys|altpll_0|sd1|pll7|clk[0]'
Slack : 16.759
TNS   : 0.000

Type  : Slow 1200mV 0C Model Hold 'D5M_PIXLCLK'
Slack : 0.175
TNS   : 0.000

Type  : Slow 1200mV 0C Model Hold 'u6|sdram_pll_altpll_component|pll1|clk[3]'
Slack : 0.339
TNS   : 0.000

Type  : Slow 1200mV 0C Model Hold 'u6|sdram_pll_altpll_component|pll1|clk[0]'
Slack : 0.340
TNS   : 0.000

Type  : Slow 1200mV 0C Model Hold 'CLOCK2_50'
Slack : 0.353
TNS   : 0.000

Type  : Slow 1200mV 0C Model Hold 'my_qsys|altpll_0|sd1|pll7|clk[0]'
Slack : 0.354
TNS   : 0.000

Type  : Slow 1200mV 0C Model Recovery 'u6|sdram_pll_altpll_component|pll1|clk[0]'
Slack : 3.929
TNS   : 0.000

Type  : Slow 1200mV 0C Model Recovery 'u6|sdram_pll_altpll_component|pll1|clk[3]'
Slack : 13.884
TNS   : 0.000

Type  : Slow 1200mV 0C Model Recovery 'CLOCK2_50'
Slack : 14.322
TNS   : 0.000

Type  : Slow 1200mV 0C Model Recovery 'D5M_PIXLCLK'
Slack : 14.404
TNS   : 0.000

Type  : Slow 1200mV 0C Model Recovery 'my_qsys|altpll_0|sd1|pll7|clk[0]'
Slack : 35.536
TNS   : 0.000

Type  : Slow 1200mV 0C Model Removal 'CLOCK2_50'
Slack : 1.858
TNS   : 0.000

Type  : Slow 1200mV 0C Model Removal 'D5M_PIXLCLK'
Slack : 1.967
TNS   : 0.000

Type  : Slow 1200mV 0C Model Removal 'my_qsys|altpll_0|sd1|pll7|clk[0]'
Slack : 3.914
TNS   : 0.000

Type  : Slow 1200mV 0C Model Removal 'u6|sdram_pll_altpll_component|pll1|clk[3]'
Slack : 4.413
TNS   : 0.000

Type  : Slow 1200mV 0C Model Removal 'u6|sdram_pll_altpll_component|pll1|clk[0]'
Slack : 4.434
TNS   : 0.000

Type  : Slow 1200mV 0C Model Minimum Pulse Width 'u6|sdram_pll_altpll_component|pll1|clk[0]'
Slack : 4.682
TNS   : 0.000

Type  : Slow 1200mV 0C Model Minimum Pulse Width 'CLOCK2_50'
Slack : 9.594
TNS   : 0.000

Type  : Slow 1200mV 0C Model Minimum Pulse Width 'CLOCK_50'
Slack : 9.799
TNS   : 0.000

Type  : Slow 1200mV 0C Model Minimum Pulse Width 'CLOCK3_50'
Slack : 16.000
TNS   : 0.000

Type  : Slow 1200mV 0C Model Minimum Pulse Width 'u6|sdram_pll_altpll_component|pll1|clk[3]'
Slack : 19.681
TNS   : 0.000

Type  : Slow 1200mV 0C Model Minimum Pulse Width 'my_qsys|altpll_0|sd1|pll7|clk[0]'
Slack : 19.709
TNS   : 0.000

Type  : Slow 1200mV 0C Model Minimum Pulse Width 'D5M_PIXLCLK'
Slack : 499.600
TNS   : 0.000

Type  : Slow 1200mV 0C Model Minimum Pulse Width 'clk_vga'
Slack : 9995.790
TNS   : 0.000

Type  : Fast 1200mV 0C Model Setup 'u6|sdram_pll_altpll_component|pll1|clk[0]'
Slack : 5.256
TNS   : 0.000

Type  : Fast 1200mV 0C Model Setup 'u6|sdram_pll_altpll_component|pll1|clk[3]'
Slack : 14.240
TNS   : 0.000

Type  : Fast 1200mV 0C Model Setup 'CLOCK2_50'
Slack : 17.274
TNS   : 0.000

Type  : Fast 1200mV 0C Model Setup 'D5M_PIXLCLK'
Slack : 17.871
TNS   : 0.000

Type  : Fast 1200mV 0C Model Setup 'my_qsys|altpll_0|sd1|pll7|clk[0]'
Slack : 17.997
TNS   : 0.000

Type  : Fast 1200mV 0C Model Hold 'D5M_PIXLCLK'
Slack : 0.079
TNS   : 0.000

Type  : Fast 1200mV 0C Model Hold 'u6|sdram_pll_altpll_component|pll1|clk[0]'
Slack : 0.143
TNS   : 0.000

Type  : Fast 1200mV 0C Model Hold 'u6|sdram_pll_altpll_component|pll1|clk[3]'
Slack : 0.174
TNS   : 0.000

Type  : Fast 1200mV 0C Model Hold 'CLOCK2_50'
Slack : 0.181
TNS   : 0.000

Type  : Fast 1200mV 0C Model Hold 'my_qsys|altpll_0|sd1|pll7|clk[0]'
Slack : 0.181
TNS   : 0.000

Type  : Fast 1200mV 0C Model Recovery 'u6|sdram_pll_altpll_component|pll1|clk[0]'
Slack : 6.290
TNS   : 0.000

Type  : Fast 1200mV 0C Model Recovery 'u6|sdram_pll_altpll_component|pll1|clk[3]'
Slack : 16.289
TNS   : 0.000

Type  : Fast 1200mV 0C Model Recovery 'D5M_PIXLCLK'
Slack : 16.503
TNS   : 0.000

Type  : Fast 1200mV 0C Model Recovery 'CLOCK2_50'
Slack : 16.742
TNS   : 0.000

Type  : Fast 1200mV 0C Model Recovery 'my_qsys|altpll_0|sd1|pll7|clk[0]'
Slack : 37.277
TNS   : 0.000

Type  : Fast 1200mV 0C Model Removal 'CLOCK2_50'
Slack : 0.975
TNS   : 0.000

Type  : Fast 1200mV 0C Model Removal 'D5M_PIXLCLK'
Slack : 1.098
TNS   : 0.000

Type  : Fast 1200mV 0C Model Removal 'my_qsys|altpll_0|sd1|pll7|clk[0]'
Slack : 2.236
TNS   : 0.000

Type  : Fast 1200mV 0C Model Removal 'u6|sdram_pll_altpll_component|pll1|clk[3]'
Slack : 2.695
TNS   : 0.000

Type  : Fast 1200mV 0C Model Removal 'u6|sdram_pll_altpll_component|pll1|clk[0]'
Slack : 2.702
TNS   : 0.000

Type  : Fast 1200mV 0C Model Minimum Pulse Width 'u6|sdram_pll_altpll_component|pll1|clk[0]'
Slack : 4.759
TNS   : 0.000

Type  : Fast 1200mV 0C Model Minimum Pulse Width 'CLOCK2_50'
Slack : 9.271
TNS   : 0.000

Type  : Fast 1200mV 0C Model Minimum Pulse Width 'CLOCK_50'
Slack : 9.400
TNS   : 0.000

Type  : Fast 1200mV 0C Model Minimum Pulse Width 'CLOCK3_50'
Slack : 16.000
TNS   : 0.000

Type  : Fast 1200mV 0C Model Minimum Pulse Width 'u6|sdram_pll_altpll_component|pll1|clk[3]'
Slack : 19.761
TNS   : 0.000

Type  : Fast 1200mV 0C Model Minimum Pulse Width 'my_qsys|altpll_0|sd1|pll7|clk[0]'
Slack : 19.780
TNS   : 0.000

Type  : Fast 1200mV 0C Model Minimum Pulse Width 'D5M_PIXLCLK'
Slack : 499.090
TNS   : 0.000

Type  : Fast 1200mV 0C Model Minimum Pulse Width 'clk_vga'
Slack : 9996.000
TNS   : 0.000

------------------------------------------------------------
